// Jest Snapshot v1, https://goo.gl/fbAQLP

exports[`Box render matches the expected snapshot 1`] = `
<StyledComponent
  blacklist={
    Array [
      "css",
      "alignItems",
      "border",
      "borderColor",
      "borderBottom",
      "borderRadius",
      "color",
      "bg",
      "display",
      "justifyContent",
      "m",
      "mt",
      "mr",
      "mb",
      "ml",
      "mx",
      "my",
      "p",
      "pt",
      "pr",
      "pb",
      "pl",
      "px",
      "py",
      "width",
    ]
  }
  forwardedComponent={
    Object {
      "$$typeof": Symbol(react.forward_ref),
      "attrs": Array [],
      "componentStyle": ComponentStyle {
        "componentId": "sc-bdVaJa",
        "isStatic": false,
        "rules": Array [
          [Function],
          [Function],
          [Function],
          [Function],
          [Function],
          [Function],
          [Function],
          [Function],
          [Function],
          [Function],
          [Function],
        ],
      },
      "defaultProps": Object {
        "blacklist": Array [
          "css",
          "alignItems",
          "border",
          "borderColor",
          "borderBottom",
          "borderRadius",
          "color",
          "bg",
          "display",
          "justifyContent",
          "m",
          "mt",
          "mr",
          "mb",
          "ml",
          "mx",
          "my",
          "p",
          "pt",
          "pr",
          "pb",
          "pl",
          "px",
          "py",
          "width",
        ],
      },
      "displayName": "Styled(Component)",
      "foldedComponentIds": Array [],
      "propTypes": Object {
        "alignItems": [Function],
        "bg": [Function],
        "border": [Function],
        "borderBottom": [Function],
        "borderColor": [Function],
        "borderRadius": [Function],
        "color": [Function],
        "display": [Function],
        "justifyContent": [Function],
        "m": [Function],
        "mb": [Function],
        "ml": [Function],
        "mr": [Function],
        "mt": [Function],
        "mx": [Function],
        "my": [Function],
        "p": [Function],
        "pb": [Function],
        "pl": [Function],
        "pr": [Function],
        "pt": [Function],
        "px": [Function],
        "py": [Function],
        "width": [Function],
      },
      "render": [Function],
      "styledComponentId": "sc-bdVaJa",
      "systemComponent": true,
      "target": Object {
        "$$typeof": Symbol(react.forward_ref),
        "render": [Function],
      },
      "toString": [Function],
      "warnTooManyClasses": [Function],
      "withComponent": [Function],
    }
  }
  forwardedRef={null}
/>
`;
