// Jest Snapshot v1, https://goo.gl/fbAQLP

exports[`Wrapper render matches the expected snapshot 1`] = `
<StyledComponent
  blacklist={
    Array [
      "css",
      "maxWidth",
      "m",
      "mt",
      "mr",
      "mb",
      "ml",
      "mx",
      "my",
      "p",
      "pt",
      "pr",
      "pb",
      "pl",
      "px",
      "py",
    ]
  }
  forwardedComponent={
    Object {
      "$$typeof": Symbol(react.forward_ref),
      "attrs": Array [],
      "componentStyle": ComponentStyle {
        "componentId": "sc-bdVaJa",
        "isStatic": false,
        "rules": Array [
          [Function],
          [Function],
          [Function],
        ],
      },
      "defaultProps": Object {
        "blacklist": Array [
          "css",
          "maxWidth",
          "m",
          "mt",
          "mr",
          "mb",
          "ml",
          "mx",
          "my",
          "p",
          "pt",
          "pr",
          "pb",
          "pl",
          "px",
          "py",
        ],
        "m": "0 auto",
        "maxWidth": "1024px",
        "px": Array [
          3,
          4,
        ],
      },
      "displayName": "Styled(Component)",
      "foldedComponentIds": Array [],
      "propTypes": Object {
        "m": [Function],
        "maxWidth": [Function],
        "mb": [Function],
        "ml": [Function],
        "mr": [Function],
        "mt": [Function],
        "mx": [Function],
        "my": [Function],
        "p": [Function],
        "pb": [Function],
        "pl": [Function],
        "pr": [Function],
        "pt": [Function],
        "px": [Function],
        "py": [Function],
      },
      "render": [Function],
      "styledComponentId": "sc-bdVaJa",
      "systemComponent": true,
      "target": Object {
        "$$typeof": Symbol(react.forward_ref),
        "render": [Function],
      },
      "toString": [Function],
      "warnTooManyClasses": [Function],
      "withComponent": [Function],
    }
  }
  forwardedRef={null}
  m="0 auto"
  maxWidth="1024px"
  px={
    Array [
      3,
      4,
    ]
  }
/>
`;
